I0105 19:13:02.729488 26864 event_loop.cc:333] evpp::EventLoop::DoPendingFunctors this=01587FE8 pending_functor_count_=1 PendingQueueSize=1 notified_=1
I0105 19:13:02.729488  6676 fd_channel.cc:23] evpp::FdChannel::~FdChannel this=015B9C80 fd=560
I0105 19:13:02.729488 26864 event_watcher.cc:154] PipeEventWatcher::HandlerFn fd=440 v=0158A2B8
I0105 19:13:02.729488 26864 event_loop.cc:303] evpp::EventLoop::DoPendingFunctors this=01587FE8 pending_functor_count_=1 PendingQueueSize=1 notified_=1
I0105 19:13:02.729488 26864 event_loop.cc:326] evpp::EventLoop::DoPendingFunctors this=01587FE8 pending_functor_count_=1 PendingQueueSize=0 notified_=0
I0105 19:13:02.729488 26864 event_loop.cc:328] evpp::EventLoop::DoPendingFunctors this=01587FE8 pending_functor_count_=1 PendingQueueSize=0 notified_=0
I0105 19:13:02.729488 26864 tcp_conn.cc:247] evpp::TCPConn::HandleClose this=015C9228 addr=(127.0.0.1:60016(local)->127.0.0.1:9099) fd=564 status_=kDisconnecting
I0105 19:13:02.729488 26864 inner_pre.cc:75] event_del ev=015963E0 fd=564 user_ptr=015C9C88 tid=26864
I0105 19:13:02.729488 26864 fd_channel.cc:116] evpp::FdChannel::DetachFromLoop this=015C9C88 fd=564 detach from event loop
I0105 19:13:02.729488 26864 fd_channel.cc:28] evpp::FdChannel::Close this=015C9C88 fd=564
W0105 19:13:02.729488 26864 pingpong.cpp:106] all disconnected
W0105 19:13:02.729488 26864 pingpong.cpp:114] 0 total bytes read
W0105 19:13:02.729488 26864 pingpong.cpp:115] 0 total messages read
W0105 19:13:02.729488 26864 pingpong.cpp:116] -nan(ind) average message size
W0105 19:13:02.729488 26864 pingpong.cpp:118] 0 MiB/s throughput
I0105 19:13:02.729488 26864 event_loop.cc:272] evpp::EventLoop::QueueInLoop this=012FFA84 pending_functor_count_=0 PendingQueueSize=0 notified_=0
I0105 19:13:02.729488 26864 event_loop.cc:287] evpp::EventLoop::QueueInLoop this=012FFA84 queued a new Functor. pending_functor_count_=1 PendingQueueSize=1 notified_=0
I0105 19:13:02.729488 26864 event_loop.cc:289] evpp::EventLoop::QueueInLoop this=012FFA84 call watcher_->Nofity() notified_.store(true)
I0105 19:13:02.729488 26396 event_watcher.cc:154] PipeEventWatcher::HandlerFn fd=424 v=01587040
I0105 19:13:02.730490 26864 tcp_conn.cc:282] evpp::TCPConn::HandleClose this=015C9228 addr=(127.0.0.1:60016(local)->127.0.0.1:9099) fd=564 status_=kDisconnecting use_count=2
I0105 19:13:02.730490 26396 event_loop.cc:303] evpp::EventLoop::DoPendingFunctors this=012FFA84 pending_functor_count_=1 PendingQueueSize=1 notified_=1
I0105 19:13:02.730490 26864 event_loop.cc:333] evpp::EventLoop::DoPendingFunctors this=01587FE8 pending_functor_count_=0 PendingQueueSize=0 notified_=0
I0105 19:13:02.730490 26396 event_loop.cc:326] evpp::EventLoop::DoPendingFunctors this=012FFA84 pending_functor_count_=1 PendingQueueSize=0 notified_=0
I0105 19:13:02.730490 26864 tcp_conn.cc:36] evpp::TCPConn::~TCPConn this=015C9228 name=C00004 channel=015C9C88 fd=564 type=1 status=kDisconnected addr=(127.0.0.1:60016(local)->127.0.0.1:9099)
I0105 19:13:02.730490 26396 event_loop.cc:328] evpp::EventLoop::DoPendingFunctors this=012FFA84 pending_functor_count_=1 PendingQueueSize=0 notified_=0
I0105 19:13:02.730490 26396 event_loop_thread_pool.cc:70] evpp::EventLoopThreadPool::Stop this=01587F68 wait_thread_exit=0
I0105 19:13:02.730490 26864 fd_channel.cc:23] evpp::FdChannel::~FdChannel this=015C9C88 fd=564
I0105 19:13:02.730490 26396 event_loop_thread_pool.cc:80] evpp::EventLoopThreadPool::Stop this=01587F68 
I0105 19:13:02.730490 26396 event_loop_thread_pool.cc:93] evpp::EventLoopThreadPool::Stop this=01587F68 wait_thread_exit=0
I0105 19:13:02.730490 26396 event_loop_thread.cc:67] evpp::EventLoopThread::Stop this=01587658 loop=01587FE8 wait_thread_exit=0
I0105 19:13:02.730490 26396 event_loop.cc:114] evpp::EventLoop::Stop this=01587FE8 
I0105 19:13:02.730490 26396 event_loop.cc:117] evpp::EventLoop::Stop this=01587FE8 EventLoop::Stop
I0105 19:13:02.730490 26396 event_loop.cc:272] evpp::EventLoop::QueueInLoop this=01587FE8 pending_functor_count_=0 PendingQueueSize=0 notified_=0
I0105 19:13:02.730490 26396 event_loop.cc:287] evpp::EventLoop::QueueInLoop this=01587FE8 queued a new Functor. pending_functor_count_=1 PendingQueueSize=1 notified_=0
I0105 19:13:02.730490 26396 event_loop.cc:289] evpp::EventLoop::QueueInLoop this=01587FE8 call watcher_->Nofity() notified_.store(true)
I0105 19:13:02.730490 26396 event_loop_thread.cc:81] evpp::EventLoopThread::Stop this=01587658 loop=01587FE8
I0105 19:13:02.730490 26864 event_watcher.cc:154] PipeEventWatcher::HandlerFn fd=440 v=0158A2B8
I0105 19:13:02.730490 26396 event_loop_thread.cc:67] evpp::EventLoopThread::Stop this=01595D08 loop=01595D98 wait_thread_exit=0
I0105 19:13:02.730490 26864 event_loop.cc:303] evpp::EventLoop::DoPendingFunctors this=01587FE8 pending_functor_count_=1 PendingQueueSize=1 notified_=1
I0105 19:13:02.730490 26396 event_loop.cc:114] evpp::EventLoop::Stop this=01595D98 
I0105 19:13:02.730490 26864 event_loop.cc:326] evpp::EventLoop::DoPendingFunctors this=01587FE8 pending_functor_count_=1 PendingQueueSize=0 notified_=0
I0105 19:13:02.730490 26396 event_loop.cc:117] evpp::EventLoop::Stop this=01595D98 EventLoop::Stop
I0105 19:13:02.730490 26864 event_loop.cc:328] evpp::EventLoop::DoPendingFunctors this=01587FE8 pending_functor_count_=1 PendingQueueSize=0 notified_=0
I0105 19:13:02.730490 26396 event_loop.cc:272] evpp::EventLoop::QueueInLoop this=01595D98 pending_functor_count_=0 PendingQueueSize=0 notified_=0
I0105 19:13:02.730490 26864 event_loop.cc:122] evpp::EventLoop::StopInLoop this=01587FE8 EventLoop is stopping now, tid=26864
I0105 19:13:02.730490 26396 event_loop.cc:287] evpp::EventLoop::QueueInLoop this=01595D98 queued a new Functor. pending_functor_count_=1 PendingQueueSize=1 notified_=0
I0105 19:13:02.730490 26864 event_loop.cc:135] evpp::EventLoop::StopInLoop this=01587FE8 before event_base_loopexit, we invoke DoPendingFunctors
I0105 19:13:02.730490 26396 event_loop.cc:289] evpp::EventLoop::QueueInLoop this=01595D98 call watcher_->Nofity() notified_.store(true)
I0105 19:13:02.730490 26864 event_loop.cc:127] evpp::EventLoop::StopInLoop::<lambda_aabab8330ee03425322e02135269cfbd>::operator () this=01587FE8 calling DoPendingFunctors index=0
I0105 19:13:02.731493 26864 event_loop.cc:303] evpp::EventLoop::DoPendingFunctors this=01587FE8 pending_functor_count_=1 PendingQueueSize=0 notified_=0
I0105 19:13:02.731493 26396 event_loop_thread.cc:81] evpp::EventLoopThread::Stop this=01595D08 loop=01595D98
I0105 19:13:02.731493 30304 event_watcher.cc:154] PipeEventWatcher::HandlerFn fd=468 v=01596060
I0105 19:13:02.731493 26396 event_loop_thread.cc:67] evpp::EventLoopThread::Stop this=015A1F18 loop=015A1FA8 wait_thread_exit=0
I0105 19:13:02.731493 26864 event_loop.cc:326] evpp::EventLoop::DoPendingFunctors this=01587FE8 pending_functor_count_=1 PendingQueueSize=0 notified_=0
I0105 19:13:02.731493 30304 event_loop.cc:303] evpp::EventLoop::DoPendingFunctors this=01595D98 pending_functor_count_=1 PendingQueueSize=1 notified_=1
I0105 19:13:02.731493 26396 event_loop.cc:114] evpp::EventLoop::Stop this=015A1FA8 
I0105 19:13:02.731493 26864 event_loop.cc:328] evpp::EventLoop::DoPendingFunctors this=01587FE8 pending_functor_count_=1 PendingQueueSize=0 notified_=0
I0105 19:13:02.731493 30304 event_loop.cc:326] evpp::EventLoop::DoPendingFunctors this=01595D98 pending_functor_count_=1 PendingQueueSize=0 notified_=0
I0105 19:13:02.731493 26396 event_loop.cc:117] evpp::EventLoop::Stop this=015A1FA8 EventLoop::Stop
I0105 19:13:02.731493 26864 event_loop.cc:333] evpp::EventLoop::DoPendingFunctors this=01587FE8 pending_functor_count_=1 PendingQueueSize=0 notified_=0
I0105 19:13:02.731493 30304 event_loop.cc:328] evpp::EventLoop::DoPendingFunctors this=01595D98 pending_functor_count_=1 PendingQueueSize=0 notified_=0
I0105 19:13:02.731493 26864 event_loop.cc:139] evpp::EventLoop::StopInLoop this=01587FE8 start event_base_loopexit
I0105 19:13:02.731493 26396 event_loop.cc:272] evpp::EventLoop::QueueInLoop this=015A1FA8 pending_functor_count_=0 PendingQueueSize=0 notified_=0
I0105 19:13:02.731493 26864 event_loop.cc:141] evpp::EventLoop::StopInLoop this=01587FE8 after event_base_loopexit, we invoke DoPendingFunctors
I0105 19:13:02.731493 30304 event_loop.cc:122] evpp::EventLoop::StopInLoop this=01595D98 EventLoop is stopping now, tid=30304
I0105 19:13:02.731493 26396 event_loop.cc:287] evpp::EventLoop::QueueInLoop this=015A1FA8 queued a new Functor. pending_functor_count_=1 PendingQueueSize=1 notified_=0
I0105 19:13:02.731493 26864 event_loop.cc:127] evpp::EventLoop::StopInLoop::<lambda_aabab8330ee03425322e02135269cfbd>::operator () this=01587FE8 calling DoPendingFunctors index=0
I0105 19:13:02.731493 30304 event_loop.cc:135] evpp::EventLoop::StopInLoop this=01595D98 before event_base_loopexit, we invoke DoPendingFunctors
I0105 19:13:02.731493 26396 event_loop.cc:289] evpp::EventLoop::QueueInLoop this=015A1FA8 call watcher_->Nofity() notified_.store(true)
I0105 19:13:02.731493 30304 event_loop.cc:127] evpp::EventLoop::StopInLoop::<lambda_aabab8330ee03425322e02135269cfbd>::operator () this=01595D98 calling DoPendingFunctors index=0
I0105 19:13:02.731493 26864 event_loop.cc:303] evpp::EventLoop::DoPendingFunctors this=01587FE8 pending_functor_count_=1 PendingQueueSize=0 notified_=0
I0105 19:13:02.731493 26396 event_loop_thread.cc:81] evpp::EventLoopThread::Stop this=015A1F18 loop=015A1FA8
I0105 19:13:02.731493  5400 event_watcher.cc:154] PipeEventWatcher::HandlerFn fd=496 v=015A2270
I0105 19:13:02.731493 30304 event_loop.cc:303] evpp::EventLoop::DoPendingFunctors this=01595D98 pending_functor_count_=1 PendingQueueSize=0 notified_=0
I0105 19:13:02.731493 26864 event_loop.cc:326] evpp::EventLoop::DoPendingFunctors this=01587FE8 pending_functor_count_=1 PendingQueueSize=0 notified_=0
I0105 19:13:02.731493 26396 event_loop_thread.cc:67] evpp::EventLoopThread::Stop this=015AE128 loop=015AE1B8 wait_thread_exit=0
I0105 19:13:02.731493  5400 event_loop.cc:303] evpp::EventLoop::DoPendingFunctors this=015A1FA8 pending_functor_count_=1 PendingQueueSize=1 notified_=1
I0105 19:13:02.731493 30304 event_loop.cc:326] evpp::EventLoop::DoPendingFunctors this=01595D98 pending_functor_count_=1 PendingQueueSize=0 notified_=0
I0105 19:13:02.731493 26864 event_loop.cc:328] evpp::EventLoop::DoPendingFunctors this=01587FE8 pending_functor_count_=1 PendingQueueSize=0 notified_=0
I0105 19:13:02.731493 26396 event_loop.cc:114] evpp::EventLoop::Stop this=015AE1B8 
I0105 19:13:02.731493  5400 event_loop.cc:326] evpp::EventLoop::DoPendingFunctors this=015A1FA8 pending_functor_count_=1 PendingQueueSize=0 notified_=0
I0105 19:13:02.731493 26396 event_loop.cc:117] evpp::EventLoop::Stop this=015AE1B8 EventLoop::Stop
I0105 19:13:02.731493 30304 event_loop.cc:328] evpp::EventLoop::DoPendingFunctors this=01595D98 pending_functor_count_=1 PendingQueueSize=0 notified_=0
I0105 19:13:02.731493 26864 event_loop.cc:333] evpp::EventLoop::DoPendingFunctors this=01587FE8 pending_functor_count_=1 PendingQueueSize=0 notified_=0
I0105 19:13:02.731493  5400 event_loop.cc:328] evpp::EventLoop::DoPendingFunctors this=015A1FA8 pending_functor_count_=1 PendingQueueSize=0 notified_=0
I0105 19:13:02.731493 26396 event_loop.cc:272] evpp::EventLoop::QueueInLoop this=015AE1B8 pending_functor_count_=0 PendingQueueSize=0 notified_=0
I0105 19:13:02.731493 26864 event_loop.cc:145] evpp::EventLoop::StopInLoop this=01587FE8 end of StopInLoop
I0105 19:13:02.731493 30304 event_loop.cc:333] evpp::EventLoop::DoPendingFunctors this=01595D98 pending_functor_count_=1 PendingQueueSize=0 notified_=0
I0105 19:13:02.731493  5400 event_loop.cc:122] evpp::EventLoop::StopInLoop this=015A1FA8 EventLoop is stopping now, tid=5400
I0105 19:13:02.731493 26864 event_loop.cc:333] evpp::EventLoop::DoPendingFunctors this=01587FE8 pending_functor_count_=0 PendingQueueSize=0 notified_=0
I0105 19:13:02.731493 26396 event_loop.cc:287] evpp::EventLoop::QueueInLoop this=015AE1B8 queued a new Functor. pending_functor_count_=1 PendingQueueSize=1 notified_=0
I0105 19:13:02.731493 30304 event_loop.cc:139] evpp::EventLoop::StopInLoop this=01595D98 start event_base_loopexit
I0105 19:13:02.731493  5400 event_loop.cc:135] evpp::EventLoop::StopInLoop this=015A1FA8 before event_base_loopexit, we invoke DoPendingFunctors
I0105 19:13:02.731493 26396 event_loop.cc:289] evpp::EventLoop::QueueInLoop this=015AE1B8 call watcher_->Nofity() notified_.store(true)
I0105 19:13:02.731493 30304 event_loop.cc:141] evpp::EventLoop::StopInLoop this=01595D98 after event_base_loopexit, we invoke DoPendingFunctors
I0105 19:13:02.731493  5400 event_loop.cc:127] evpp::EventLoop::StopInLoop::<lambda_aabab8330ee03425322e02135269cfbd>::operator () this=015A1FA8 calling DoPendingFunctors index=0
I0105 19:13:02.731493 30304 event_loop.cc:127] evpp::EventLoop::StopInLoop::<lambda_aabab8330ee03425322e02135269cfbd>::operator () this=01595D98 calling DoPendingFunctors index=0
I0105 19:13:02.732491 26396 event_loop_thread.cc:81] evpp::EventLoopThread::Stop this=015AE128 loop=015AE1B8
I0105 19:13:02.731493 26864 inner_pre.cc:75] event_del ev=0158A7C0 fd=440 user_ptr=0158A2B8 tid=26864
I0105 19:13:02.731493  5400 event_loop.cc:303] evpp::EventLoop::DoPendingFunctors this=015A1FA8 pending_functor_count_=1 PendingQueueSize=0 notified_=0
I0105 19:13:02.732491  6676 event_watcher.cc:154] PipeEventWatcher::HandlerFn fd=524 v=015AF488
I0105 19:13:02.732491 26396 event_loop_thread_pool.cc:112] evpp::EventLoopThreadPool::Stop this=01587F68 before promise wait
I0105 19:13:02.732491 30304 event_loop.cc:303] evpp::EventLoop::DoPendingFunctors this=01595D98 pending_functor_count_=1 PendingQueueSize=0 notified_=0
I0105 19:13:02.732491 26864 event_loop.cc:108] evpp::EventLoop::Run this=01587FE8 EventLoop stopped, tid=26864
I0105 19:13:02.732491  5400 event_loop.cc:326] evpp::EventLoop::DoPendingFunctors this=015A1FA8 pending_functor_count_=1 PendingQueueSize=0 notified_=0
I0105 19:13:02.732491 26396 event_loop_thread_pool.cc:118] evpp::EventLoopThreadPool::Stop this=01587F68 after promise wait
I0105 19:13:02.732491 26864 event_loop_thread.cc:56] evpp::EventLoopThread::Run this=01587658 loop=01587FE8 execute post functor.
I0105 19:13:02.732491 30304 event_loop.cc:326] evpp::EventLoop::DoPendingFunctors this=01595D98 pending_functor_count_=1 PendingQueueSize=0 notified_=0
I0105 19:13:02.732491  6676 event_loop.cc:303] evpp::EventLoop::DoPendingFunctors this=015AE1B8 pending_functor_count_=1 PendingQueueSize=1 notified_=1
I0105 19:13:02.732491 26396 event_loop.cc:114] evpp::EventLoop::Stop this=012FFA84 
I0105 19:13:02.732491  5400 event_loop.cc:328] evpp::EventLoop::DoPendingFunctors this=015A1FA8 pending_functor_count_=1 PendingQueueSize=0 notified_=0
I0105 19:13:02.732491 26864 event_loop_thread_pool.cc:38] evpp::EventLoopThreadPool::Start::<lambda_7b0860a78cc38f90647a87126f006f38>::operator () this=01587F68 a working thread exiting, tid=26864
I0105 19:13:02.732491 30304 event_loop.cc:328] evpp::EventLoop::DoPendingFunctors this=01595D98 pending_functor_count_=1 PendingQueueSize=0 notified_=0
I0105 19:13:02.732491 26396 event_loop.cc:117] evpp::EventLoop::Stop this=012FFA84 EventLoop::Stop
I0105 19:13:02.732491  6676 event_loop.cc:326] evpp::EventLoop::DoPendingFunctors this=015AE1B8 pending_functor_count_=1 PendingQueueSize=0 notified_=0
I0105 19:13:02.732491 26864 event_loop_thread_pool.cc:169] evpp::EventLoopThreadPool::OnThreadExited this=01587F68 tid=26864 count=1 exited.
I0105 19:13:02.732491  5400 event_loop.cc:333] evpp::EventLoop::DoPendingFunctors this=015A1FA8 pending_functor_count_=1 PendingQueueSize=0 notified_=0
I0105 19:13:02.732491 26396 event_loop.cc:272] evpp::EventLoop::QueueInLoop this=012FFA84 pending_functor_count_=1 PendingQueueSize=0 notified_=0
I0105 19:13:02.732491 30304 event_loop.cc:333] evpp::EventLoop::DoPendingFunctors this=01595D98 pending_functor_count_=1 PendingQueueSize=0 notified_=0
I0105 19:13:02.732491  6676 event_loop.cc:328] evpp::EventLoop::DoPendingFunctors this=015AE1B8 pending_functor_count_=1 PendingQueueSize=0 notified_=0
I0105 19:13:02.732491 26864 event_loop_thread.cc:62] evpp::EventLoopThread::Run this=01587658 loop=01587FE8 EventLoopThread stopped
I0105 19:13:02.732491  5400 event_loop.cc:139] evpp::EventLoop::StopInLoop this=015A1FA8 start event_base_loopexit
I0105 19:13:02.732491 30304 event_loop.cc:145] evpp::EventLoop::StopInLoop this=01595D98 end of StopInLoop
I0105 19:13:02.732491 26396 event_loop.cc:287] evpp::EventLoop::QueueInLoop this=012FFA84 queued a new Functor. pending_functor_count_=2 PendingQueueSize=1 notified_=0
I0105 19:13:02.732491  5400 event_loop.cc:141] evpp::EventLoop::StopInLoop this=015A1FA8 after event_base_loopexit, we invoke DoPendingFunctors
I0105 19:13:02.732491  6676 event_loop.cc:122] evpp::EventLoop::StopInLoop this=015AE1B8 EventLoop is stopping now, tid=6676
I0105 19:13:02.732491 30304 event_loop.cc:333] evpp::EventLoop::DoPendingFunctors this=01595D98 pending_functor_count_=0 PendingQueueSize=0 notified_=0
I0105 19:13:02.732491 26396 event_loop.cc:289] evpp::EventLoop::QueueInLoop this=012FFA84 call watcher_->Nofity() notified_.store(true)
I0105 19:13:02.732491  5400 event_loop.cc:127] evpp::EventLoop::StopInLoop::<lambda_aabab8330ee03425322e02135269cfbd>::operator () this=015A1FA8 calling DoPendingFunctors index=0
I0105 19:13:02.732491  6676 event_loop.cc:135] evpp::EventLoop::StopInLoop this=015AE1B8 before event_base_loopexit, we invoke DoPendingFunctors
I0105 19:13:02.733491 26396 tcp_client.cc:23] evpp::TCPClient::~TCPClient this=015B9690 
I0105 19:13:02.733491  5400 event_loop.cc:303] evpp::EventLoop::DoPendingFunctors this=015A1FA8 pending_functor_count_=1 PendingQueueSize=0 notified_=0
I0105 19:13:02.733491 30304 inner_pre.cc:75] event_del ev=01596990 fd=468 user_ptr=01596060 tid=30304
I0105 19:13:02.733491  6676 event_loop.cc:127] evpp::EventLoop::StopInLoop::<lambda_aabab8330ee03425322e02135269cfbd>::operator () this=015AE1B8 calling DoPendingFunctors index=0
I0105 19:13:02.733491 26396 tcp_client.cc:23] evpp::TCPClient::~TCPClient this=015B97E8 
I0105 19:13:02.733491 30304 event_loop.cc:108] evpp::EventLoop::Run this=01595D98 EventLoop stopped, tid=30304
I0105 19:13:02.733491  5400 event_loop.cc:326] evpp::EventLoop::DoPendingFunctors this=015A1FA8 pending_functor_count_=1 PendingQueueSize=0 notified_=0
I0105 19:13:02.733491 26396 tcp_client.cc:23] evpp::TCPClient::~TCPClient this=015B9A88 
I0105 19:13:02.733491  6676 event_loop.cc:303] evpp::EventLoop::DoPendingFunctors this=015AE1B8 pending_functor_count_=1 PendingQueueSize=0 notified_=0
I0105 19:13:02.733491 30304 event_loop_thread.cc:56] evpp::EventLoopThread::Run this=01595D08 loop=01595D98 execute post functor.
I0105 19:13:02.733491  5400 event_loop.cc:328] evpp::EventLoop::DoPendingFunctors this=015A1FA8 pending_functor_count_=1 PendingQueueSize=0 notified_=0
I0105 19:13:02.733491 26396 tcp_client.cc:23] evpp::TCPClient::~TCPClient this=015BABD0 
I0105 19:13:02.733491 30304 event_loop_thread_pool.cc:38] evpp::EventLoopThreadPool::Start::<lambda_7b0860a78cc38f90647a87126f006f38>::operator () this=01587F68 a working thread exiting, tid=30304
I0105 19:13:02.733491 26396 tcp_client.cc:23] evpp::TCPClient::~TCPClient this=015C5018 
I0105 19:13:02.733491  5400 event_loop.cc:333] evpp::EventLoop::DoPendingFunctors this=015A1FA8 pending_functor_count_=1 PendingQueueSize=0 notified_=0
I0105 19:13:02.733491  6676 event_loop.cc:326] evpp::EventLoop::DoPendingFunctors this=015AE1B8 pending_functor_count_=1 PendingQueueSize=0 notified_=0
I0105 19:13:02.733491  5400 event_loop.cc:145] evpp::EventLoop::StopInLoop this=015A1FA8 end of StopInLoop
I0105 19:13:02.733491 30304 event_loop_thread_pool.cc:169] evpp::EventLoopThreadPool::OnThreadExited this=01587F68 tid=30304 count=2 exited.
I0105 19:13:02.733491  6676 event_loop.cc:328] evpp::EventLoop::DoPendingFunctors this=015AE1B8 pending_functor_count_=1 PendingQueueSize=0 notified_=0
I0105 19:13:02.733491 30304 event_loop_thread.cc:62] evpp::EventLoopThread::Run this=01595D08 loop=01595D98 EventLoopThread stopped
I0105 19:13:02.733491  6676 event_loop.cc:333] evpp::EventLoop::DoPendingFunctors this=015AE1B8 pending_functor_count_=1 PendingQueueSize=0 notified_=0
I0105 19:13:02.733491  5400 event_loop.cc:333] evpp::EventLoop::DoPendingFunctors this=015A1FA8 pending_functor_count_=0 PendingQueueSize=0 notified_=0
I0105 19:13:02.733491  6676 event_loop.cc:139] evpp::EventLoop::StopInLoop this=015AE1B8 start event_base_loopexit
I0105 19:13:02.733491  6676 event_loop.cc:141] evpp::EventLoop::StopInLoop this=015AE1B8 after event_base_loopexit, we invoke DoPendingFunctors
I0105 19:13:02.733491  5400 inner_pre.cc:75] event_del ev=015964C0 fd=496 user_ptr=015A2270 tid=5400
I0105 19:13:02.733491  6676 event_loop.cc:127] evpp::EventLoop::StopInLoop::<lambda_aabab8330ee03425322e02135269cfbd>::operator () this=015AE1B8 calling DoPendingFunctors index=0
I0105 19:13:02.733491  5400 event_loop.cc:108] evpp::EventLoop::Run this=015A1FA8 EventLoop stopped, tid=5400
I0105 19:13:02.733491  6676 event_loop.cc:303] evpp::EventLoop::DoPendingFunctors this=015AE1B8 pending_functor_count_=1 PendingQueueSize=0 notified_=0
I0105 19:13:02.733491  5400 event_loop_thread.cc:56] evpp::EventLoopThread::Run this=015A1F18 loop=015A1FA8 execute post functor.
I0105 19:13:02.733491  5400 event_loop_thread_pool.cc:38] evpp::EventLoopThreadPool::Start::<lambda_7b0860a78cc38f90647a87126f006f38>::operator () this=01587F68 a working thread exiting, tid=5400
I0105 19:13:02.733491  6676 event_loop.cc:326] evpp::EventLoop::DoPendingFunctors this=015AE1B8 pending_functor_count_=1 PendingQueueSize=0 notified_=0
I0105 19:13:02.733491  5400 event_loop_thread_pool.cc:169] evpp::EventLoopThreadPool::OnThreadExited this=01587F68 tid=5400 count=3 exited.
I0105 19:13:02.733491  6676 event_loop.cc:328] evpp::EventLoop::DoPendingFunctors this=015AE1B8 pending_functor_count_=1 PendingQueueSize=0 notified_=0
I0105 19:13:02.733491  5400 event_loop_thread.cc:62] evpp::EventLoopThread::Run this=015A1F18 loop=015A1FA8 EventLoopThread stopped
I0105 19:13:02.734493  6676 event_loop.cc:333] evpp::EventLoop::DoPendingFunctors this=015AE1B8 pending_functor_count_=1 PendingQueueSize=0 notified_=0
I0105 19:13:02.734493  6676 event_loop.cc:145] evpp::EventLoop::StopInLoop this=015AE1B8 end of StopInLoop
I0105 19:13:02.734493  6676 event_loop.cc:333] evpp::EventLoop::DoPendingFunctors this=015AE1B8 pending_functor_count_=0 PendingQueueSize=0 notified_=0
I0105 19:13:02.734493  6676 inner_pre.cc:75] event_del ev=01596530 fd=524 user_ptr=015AF488 tid=6676
I0105 19:13:02.734493  6676 event_loop.cc:108] evpp::EventLoop::Run this=015AE1B8 EventLoop stopped, tid=6676
I0105 19:13:02.734493  6676 event_loop_thread.cc:56] evpp::EventLoopThread::Run this=015AE128 loop=015AE1B8 execute post functor.
I0105 19:13:02.734493  6676 event_loop_thread_pool.cc:38] evpp::EventLoopThreadPool::Start::<lambda_7b0860a78cc38f90647a87126f006f38>::operator () this=01587F68 a working thread exiting, tid=6676
I0105 19:13:02.734493  6676 event_loop_thread_pool.cc:169] evpp::EventLoopThreadPool::OnThreadExited this=01587F68 tid=6676 count=4 exited.
I0105 19:13:02.734493  6676 event_loop_thread_pool.cc:172] evpp::EventLoopThreadPool::OnThreadExited this=01587F68 this is the last thread stopped. Thread pool totally exited.
I0105 19:13:02.734493  6676 event_loop_thread.cc:62] evpp::EventLoopThread::Run this=015AE128 loop=015AE1B8 EventLoopThread stopped
