I0105 19:19:00.720901 30360 event_loop.cc:127] evpp::EventLoop::StopInLoop::<lambda_aabab8330ee03425322e02135269cfbd>::operator () this=0136A0D0 calling DoPendingFunctors index=0
I0105 19:19:00.720901 11692 event_loop.cc:328] evpp::EventLoop::DoPendingFunctors this=01353180 pending_functor_count_=1 PendingQueueSize=0 notified_=0
I0105 19:19:00.720901 11692 event_loop.cc:333] evpp::EventLoop::DoPendingFunctors this=01353180 pending_functor_count_=1 PendingQueueSize=0 notified_=0
I0105 19:19:00.720901 30360 event_loop.cc:303] evpp::EventLoop::DoPendingFunctors this=0136A0D0 pending_functor_count_=1 PendingQueueSize=0 notified_=0
I0105 19:19:00.720901 25620 event_loop_thread.cc:81] evpp::EventLoopThread::Stop this=0130C788 loop=01374D18
I0105 19:19:00.720901 12344 event_watcher.cc:154] PipeEventWatcher::HandlerFn fd=604 v=01374FE0
I0105 19:19:00.720901 22200 inner_pre.cc:75] event_del ev=01347470 fd=528 user_ptr=01352E98 tid=22200
I0105 19:19:00.720901 11692 event_loop.cc:145] evpp::EventLoop::StopInLoop this=01353180 end of StopInLoop
I0105 19:19:00.720901 30360 event_loop.cc:326] evpp::EventLoop::DoPendingFunctors this=0136A0D0 pending_functor_count_=1 PendingQueueSize=0 notified_=0
I0105 19:19:00.720901 25620 event_loop_thread.cc:67] evpp::EventLoopThread::Stop this=0130C428 loop=0137F158 wait_thread_exit=0
I0105 19:19:00.720901 12344 event_loop.cc:303] evpp::EventLoop::DoPendingFunctors this=01374D18 pending_functor_count_=1 PendingQueueSize=1 notified_=1
I0105 19:19:00.720901 22200 event_loop.cc:108] evpp::EventLoop::Run this=013478D0 EventLoop stopped, tid=22200
I0105 19:19:00.720901 11692 event_loop.cc:333] evpp::EventLoop::DoPendingFunctors this=01353180 pending_functor_count_=0 PendingQueueSize=0 notified_=0
I0105 19:19:00.720901 25620 event_loop.cc:114] evpp::EventLoop::Stop this=0137F158 
I0105 19:19:00.720901 30360 event_loop.cc:328] evpp::EventLoop::DoPendingFunctors this=0136A0D0 pending_functor_count_=1 PendingQueueSize=0 notified_=0
I0105 19:19:00.720901 12344 event_loop.cc:326] evpp::EventLoop::DoPendingFunctors this=01374D18 pending_functor_count_=1 PendingQueueSize=0 notified_=0
I0105 19:19:00.720901 22200 event_loop_thread.cc:56] evpp::EventLoopThread::Run this=0130C308 loop=013478D0 execute post functor.
I0105 19:19:00.720901 25620 event_loop.cc:117] evpp::EventLoop::Stop this=0137F158 EventLoop::Stop
I0105 19:19:00.720901 11692 inner_pre.cc:75] event_del ev=01347320 fd=556 user_ptr=0135F750 tid=11692
I0105 19:19:00.720901 22200 event_loop_thread_pool.cc:38] evpp::EventLoopThreadPool::Start::<lambda_7b0860a78cc38f90647a87126f006f38>::operator () this=013363D0 a working thread exiting, tid=22200
I0105 19:19:00.720901 12344 event_loop.cc:328] evpp::EventLoop::DoPendingFunctors this=01374D18 pending_functor_count_=1 PendingQueueSize=0 notified_=0
I0105 19:19:00.720901 30360 event_loop.cc:333] evpp::EventLoop::DoPendingFunctors this=0136A0D0 pending_functor_count_=1 PendingQueueSize=0 notified_=0
I0105 19:19:00.720901 25620 event_loop.cc:272] evpp::EventLoop::QueueInLoop this=0137F158 pending_functor_count_=0 PendingQueueSize=0 notified_=0
I0105 19:19:00.721901 11692 event_loop.cc:108] evpp::EventLoop::Run this=01353180 EventLoop stopped, tid=11692
I0105 19:19:00.721901 11692 event_loop_thread.cc:56] evpp::EventLoopThread::Run this=0130C398 loop=01353180 execute post functor.
I0105 19:19:00.721901 12344 event_loop.cc:122] evpp::EventLoop::StopInLoop this=01374D18 EventLoop is stopping now, tid=12344
I0105 19:19:00.721901 30360 event_loop.cc:139] evpp::EventLoop::StopInLoop this=0136A0D0 start event_base_loopexit
I0105 19:19:00.721901 25620 event_loop.cc:287] evpp::EventLoop::QueueInLoop this=0137F158 queued a new Functor. pending_functor_count_=1 PendingQueueSize=1 notified_=0
I0105 19:19:00.721901 22200 event_loop_thread_pool.cc:169] evpp::EventLoopThreadPool::OnThreadExited this=013363D0 tid=22200 count=3 exited.
I0105 19:19:00.721901 11692 event_loop_thread_pool.cc:38] evpp::EventLoopThreadPool::Start::<lambda_7b0860a78cc38f90647a87126f006f38>::operator () this=013363D0 a working thread exiting, tid=11692
I0105 19:19:00.721901 12344 event_loop.cc:135] evpp::EventLoop::StopInLoop this=01374D18 before event_base_loopexit, we invoke DoPendingFunctors
I0105 19:19:00.721901 30360 event_loop.cc:141] evpp::EventLoop::StopInLoop this=0136A0D0 after event_base_loopexit, we invoke DoPendingFunctors
I0105 19:19:00.721901 25620 event_loop.cc:289] evpp::EventLoop::QueueInLoop this=0137F158 call watcher_->Nofity() notified_.store(true)
I0105 19:19:00.721901 22200 event_loop_thread.cc:62] evpp::EventLoopThread::Run this=0130C308 loop=013478D0 EventLoopThread stopped
I0105 19:19:00.721901 12344 event_loop.cc:127] evpp::EventLoop::StopInLoop::<lambda_aabab8330ee03425322e02135269cfbd>::operator () this=01374D18 calling DoPendingFunctors index=0
I0105 19:19:00.721901 11692 event_loop_thread_pool.cc:169] evpp::EventLoopThreadPool::OnThreadExited this=013363D0 tid=11692 count=4 exited.
I0105 19:19:00.721901 30360 event_loop.cc:127] evpp::EventLoop::StopInLoop::<lambda_aabab8330ee03425322e02135269cfbd>::operator () this=0136A0D0 calling DoPendingFunctors index=0
I0105 19:19:00.721901 28256 event_watcher.cc:154] PipeEventWatcher::HandlerFn fd=632 v=0137F420
I0105 19:19:00.721901 25620 event_loop_thread.cc:81] evpp::EventLoopThread::Stop this=0130C428 loop=0137F158
I0105 19:19:00.721901 12344 event_loop.cc:303] evpp::EventLoop::DoPendingFunctors this=01374D18 pending_functor_count_=1 PendingQueueSize=0 notified_=0
I0105 19:19:00.721901 11692 event_loop_thread.cc:62] evpp::EventLoopThread::Run this=0130C398 loop=01353180 EventLoopThread stopped
I0105 19:19:00.721901 30360 event_loop.cc:303] evpp::EventLoop::DoPendingFunctors this=0136A0D0 pending_functor_count_=1 PendingQueueSize=0 notified_=0
I0105 19:19:00.721901 25620 event_loop_thread.cc:67] evpp::EventLoopThread::Stop this=0130CA58 loop=0138BDA8 wait_thread_exit=0
I0105 19:19:00.721901 12344 event_loop.cc:326] evpp::EventLoop::DoPendingFunctors this=01374D18 pending_functor_count_=1 PendingQueueSize=0 notified_=0
I0105 19:19:00.721901 28256 event_loop.cc:303] evpp::EventLoop::DoPendingFunctors this=0137F158 pending_functor_count_=1 PendingQueueSize=1 notified_=1
I0105 19:19:00.721901 25620 event_loop.cc:114] evpp::EventLoop::Stop this=0138BDA8 
I0105 19:19:00.721901 30360 event_loop.cc:326] evpp::EventLoop::DoPendingFunctors this=0136A0D0 pending_functor_count_=1 PendingQueueSize=0 notified_=0
I0105 19:19:00.721901 12344 event_loop.cc:328] evpp::EventLoop::DoPendingFunctors this=01374D18 pending_functor_count_=1 PendingQueueSize=0 notified_=0
I0105 19:19:00.721901 28256 event_loop.cc:326] evpp::EventLoop::DoPendingFunctors this=0137F158 pending_functor_count_=1 PendingQueueSize=0 notified_=0
I0105 19:19:00.722903 25620 event_loop.cc:117] evpp::EventLoop::Stop this=0138BDA8 EventLoop::Stop
I0105 19:19:00.722903 12344 event_loop.cc:333] evpp::EventLoop::DoPendingFunctors this=01374D18 pending_functor_count_=1 PendingQueueSize=0 notified_=0
I0105 19:19:00.722903 30360 event_loop.cc:328] evpp::EventLoop::DoPendingFunctors this=0136A0D0 pending_functor_count_=1 PendingQueueSize=0 notified_=0
I0105 19:19:00.722903 25620 event_loop.cc:272] evpp::EventLoop::QueueInLoop this=0138BDA8 pending_functor_count_=0 PendingQueueSize=0 notified_=0
I0105 19:19:00.722903 28256 event_loop.cc:328] evpp::EventLoop::DoPendingFunctors this=0137F158 pending_functor_count_=1 PendingQueueSize=0 notified_=0
I0105 19:19:00.722903 12344 event_loop.cc:139] evpp::EventLoop::StopInLoop this=01374D18 start event_base_loopexit
I0105 19:19:00.722903 30360 event_loop.cc:333] evpp::EventLoop::DoPendingFunctors this=0136A0D0 pending_functor_count_=1 PendingQueueSize=0 notified_=0
I0105 19:19:00.722903 12344 event_loop.cc:141] evpp::EventLoop::StopInLoop this=01374D18 after event_base_loopexit, we invoke DoPendingFunctors
I0105 19:19:00.722903 25620 event_loop.cc:287] evpp::EventLoop::QueueInLoop this=0138BDA8 queued a new Functor. pending_functor_count_=1 PendingQueueSize=1 notified_=0
I0105 19:19:00.722903 28256 event_loop.cc:122] evpp::EventLoop::StopInLoop this=0137F158 EventLoop is stopping now, tid=28256
I0105 19:19:00.722903 30360 event_loop.cc:145] evpp::EventLoop::StopInLoop this=0136A0D0 end of StopInLoop
I0105 19:19:00.722903 25620 event_loop.cc:289] evpp::EventLoop::QueueInLoop this=0138BDA8 call watcher_->Nofity() notified_.store(true)
I0105 19:19:00.722903 12344 event_loop.cc:127] evpp::EventLoop::StopInLoop::<lambda_aabab8330ee03425322e02135269cfbd>::operator () this=01374D18 calling DoPendingFunctors index=0
I0105 19:19:00.722903 28256 event_loop.cc:135] evpp::EventLoop::StopInLoop this=0137F158 before event_base_loopexit, we invoke DoPendingFunctors
I0105 19:19:00.722903 12344 event_loop.cc:303] evpp::EventLoop::DoPendingFunctors this=01374D18 pending_functor_count_=1 PendingQueueSize=0 notified_=0
I0105 19:19:00.722903 30360 event_loop.cc:333] evpp::EventLoop::DoPendingFunctors this=0136A0D0 pending_functor_count_=0 PendingQueueSize=0 notified_=0
I0105 19:19:00.722903 28256 event_loop.cc:127] evpp::EventLoop::StopInLoop::<lambda_aabab8330ee03425322e02135269cfbd>::operator () this=0137F158 calling DoPendingFunctors index=0
I0105 19:19:00.722903 25880 event_watcher.cc:154] PipeEventWatcher::HandlerFn fd=660 v=0138C070
I0105 19:19:00.722903 25620 event_loop_thread.cc:81] evpp::EventLoopThread::Stop this=0130CA58 loop=0138BDA8
I0105 19:19:00.722903 12344 event_loop.cc:326] evpp::EventLoop::DoPendingFunctors this=01374D18 pending_functor_count_=1 PendingQueueSize=0 notified_=0
I0105 19:19:00.722903 25620 event_loop_thread_pool.cc:112] evpp::EventLoopThreadPool::Stop this=013363D0 before promise wait
I0105 19:19:00.722903 25880 event_loop.cc:303] evpp::EventLoop::DoPendingFunctors this=0138BDA8 pending_functor_count_=1 PendingQueueSize=1 notified_=1
I0105 19:19:00.722903 28256 event_loop.cc:303] evpp::EventLoop::DoPendingFunctors this=0137F158 pending_functor_count_=1 PendingQueueSize=0 notified_=0
I0105 19:19:00.722903 12344 event_loop.cc:328] evpp::EventLoop::DoPendingFunctors this=01374D18 pending_functor_count_=1 PendingQueueSize=0 notified_=0
I0105 19:19:00.722903 30360 inner_pre.cc:75] event_del ev=01347390 fd=584 user_ptr=0136A398 tid=30360
I0105 19:19:00.722903 25620 event_loop_thread_pool.cc:118] evpp::EventLoopThreadPool::Stop this=013363D0 after promise wait
I0105 19:19:00.722903 25880 event_loop.cc:326] evpp::EventLoop::DoPendingFunctors this=0138BDA8 pending_functor_count_=1 PendingQueueSize=0 notified_=0
I0105 19:19:00.722903 28256 event_loop.cc:326] evpp::EventLoop::DoPendingFunctors this=0137F158 pending_functor_count_=1 PendingQueueSize=0 notified_=0
I0105 19:19:00.723903 25620 event_loop.cc:114] evpp::EventLoop::Stop this=00C7FA50 
I0105 19:19:00.723903 12344 event_loop.cc:333] evpp::EventLoop::DoPendingFunctors this=01374D18 pending_functor_count_=1 PendingQueueSize=0 notified_=0
I0105 19:19:00.723903 30360 event_loop.cc:108] evpp::EventLoop::Run this=0136A0D0 EventLoop stopped, tid=30360
I0105 19:19:00.723903 25620 event_loop.cc:117] evpp::EventLoop::Stop this=00C7FA50 EventLoop::Stop
I0105 19:19:00.723903 25880 event_loop.cc:328] evpp::EventLoop::DoPendingFunctors this=0138BDA8 pending_functor_count_=1 PendingQueueSize=0 notified_=0
I0105 19:19:00.723903 28256 event_loop.cc:328] evpp::EventLoop::DoPendingFunctors this=0137F158 pending_functor_count_=1 PendingQueueSize=0 notified_=0
I0105 19:19:00.723903 12344 event_loop.cc:145] evpp::EventLoop::StopInLoop this=01374D18 end of StopInLoop
I0105 19:19:00.723903 25880 event_loop.cc:122] evpp::EventLoop::StopInLoop this=0138BDA8 EventLoop is stopping now, tid=25880
I0105 19:19:00.723903 30360 event_loop_thread.cc:56] evpp::EventLoopThread::Run this=0130C5D8 loop=0136A0D0 execute post functor.
I0105 19:19:00.723903 28256 event_loop.cc:333] evpp::EventLoop::DoPendingFunctors this=0137F158 pending_functor_count_=1 PendingQueueSize=0 notified_=0
I0105 19:19:00.723903 25620 event_loop.cc:272] evpp::EventLoop::QueueInLoop this=00C7FA50 pending_functor_count_=1 PendingQueueSize=0 notified_=0
I0105 19:19:00.723903 12344 event_loop.cc:333] evpp::EventLoop::DoPendingFunctors this=01374D18 pending_functor_count_=0 PendingQueueSize=0 notified_=0
I0105 19:19:00.723903 25880 event_loop.cc:135] evpp::EventLoop::StopInLoop this=0138BDA8 before event_base_loopexit, we invoke DoPendingFunctors
I0105 19:19:00.723903 28256 event_loop.cc:139] evpp::EventLoop::StopInLoop this=0137F158 start event_base_loopexit
I0105 19:19:00.723903 25880 event_loop.cc:127] evpp::EventLoop::StopInLoop::<lambda_aabab8330ee03425322e02135269cfbd>::operator () this=0138BDA8 calling DoPendingFunctors index=0
I0105 19:19:00.723903 30360 event_loop_thread_pool.cc:38] evpp::EventLoopThreadPool::Start::<lambda_7b0860a78cc38f90647a87126f006f38>::operator () this=013363D0 a working thread exiting, tid=30360
I0105 19:19:00.723903 25620 event_loop.cc:287] evpp::EventLoop::QueueInLoop this=00C7FA50 queued a new Functor. pending_functor_count_=2 PendingQueueSize=1 notified_=0
I0105 19:19:00.723903 28256 event_loop.cc:141] evpp::EventLoop::StopInLoop this=0137F158 after event_base_loopexit, we invoke DoPendingFunctors
I0105 19:19:00.723903 12344 inner_pre.cc:75] event_del ev=013472B0 fd=604 user_ptr=01374FE0 tid=12344
I0105 19:19:00.723903 25880 event_loop.cc:303] evpp::EventLoop::DoPendingFunctors this=0138BDA8 pending_functor_count_=1 PendingQueueSize=0 notified_=0
I0105 19:19:00.723903 25620 event_loop.cc:289] evpp::EventLoop::QueueInLoop this=00C7FA50 call watcher_->Nofity() notified_.store(true)
I0105 19:19:00.723903 30360 event_loop_thread_pool.cc:169] evpp::EventLoopThreadPool::OnThreadExited this=013363D0 tid=30360 count=5 exited.
I0105 19:19:00.723903 12344 event_loop.cc:108] evpp::EventLoop::Run this=01374D18 EventLoop stopped, tid=12344
I0105 19:19:00.723903 28256 event_loop.cc:127] evpp::EventLoop::StopInLoop::<lambda_aabab8330ee03425322e02135269cfbd>::operator () this=0137F158 calling DoPendingFunctors index=0
I0105 19:19:00.723903 25880 event_loop.cc:326] evpp::EventLoop::DoPendingFunctors this=0138BDA8 pending_functor_count_=1 PendingQueueSize=0 notified_=0
I0105 19:19:00.723903 25620 tcp_client.cc:23] evpp::TCPClient::~TCPClient this=01396C48 
I0105 19:19:00.723903 12344 event_loop_thread.cc:56] evpp::EventLoopThread::Run this=0130C788 loop=01374D18 execute post functor.
I0105 19:19:00.723903 30360 event_loop_thread.cc:62] evpp::EventLoopThread::Run this=0130C5D8 loop=0136A0D0 EventLoopThread stopped
I0105 19:19:00.723903 28256 event_loop.cc:303] evpp::EventLoop::DoPendingFunctors this=0137F158 pending_functor_count_=1 PendingQueueSize=0 notified_=0
I0105 19:19:00.723903 25880 event_loop.cc:328] evpp::EventLoop::DoPendingFunctors this=0138BDA8 pending_functor_count_=1 PendingQueueSize=0 notified_=0
I0105 19:19:00.724905 12344 event_loop_thread_pool.cc:38] evpp::EventLoopThreadPool::Start::<lambda_7b0860a78cc38f90647a87126f006f38>::operator () this=013363D0 a working thread exiting, tid=12344
I0105 19:19:00.724905 28256 event_loop.cc:326] evpp::EventLoop::DoPendingFunctors this=0137F158 pending_functor_count_=1 PendingQueueSize=0 notified_=0
I0105 19:19:00.724905 12344 event_loop_thread_pool.cc:169] evpp::EventLoopThreadPool::OnThreadExited this=013363D0 tid=12344 count=6 exited.
I0105 19:19:00.724905 25880 event_loop.cc:333] evpp::EventLoop::DoPendingFunctors this=0138BDA8 pending_functor_count_=1 PendingQueueSize=0 notified_=0
I0105 19:19:00.724905 28256 event_loop.cc:328] evpp::EventLoop::DoPendingFunctors this=0137F158 pending_functor_count_=1 PendingQueueSize=0 notified_=0
I0105 19:19:00.724905 12344 event_loop_thread.cc:62] evpp::EventLoopThread::Run this=0130C788 loop=01374D18 EventLoopThread stopped
I0105 19:19:00.724905 25880 event_loop.cc:139] evpp::EventLoop::StopInLoop this=0138BDA8 start event_base_loopexit
I0105 19:19:00.724905 28256 event_loop.cc:333] evpp::EventLoop::DoPendingFunctors this=0137F158 pending_functor_count_=1 PendingQueueSize=0 notified_=0
I0105 19:19:00.724905 25880 event_loop.cc:141] evpp::EventLoop::StopInLoop this=0138BDA8 after event_base_loopexit, we invoke DoPendingFunctors
I0105 19:19:00.724905 28256 event_loop.cc:145] evpp::EventLoop::StopInLoop this=0137F158 end of StopInLoop
I0105 19:19:00.724905 25880 event_loop.cc:127] evpp::EventLoop::StopInLoop::<lambda_aabab8330ee03425322e02135269cfbd>::operator () this=0138BDA8 calling DoPendingFunctors index=0
I0105 19:19:00.724905 28256 event_loop.cc:333] evpp::EventLoop::DoPendingFunctors this=0137F158 pending_functor_count_=0 PendingQueueSize=0 notified_=0
I0105 19:19:00.724905 25880 event_loop.cc:303] evpp::EventLoop::DoPendingFunctors this=0138BDA8 pending_functor_count_=1 PendingQueueSize=0 notified_=0
I0105 19:19:00.724905 25880 event_loop.cc:326] evpp::EventLoop::DoPendingFunctors this=0138BDA8 pending_functor_count_=1 PendingQueueSize=0 notified_=0
I0105 19:19:00.724905 25880 event_loop.cc:328] evpp::EventLoop::DoPendingFunctors this=0138BDA8 pending_functor_count_=1 PendingQueueSize=0 notified_=0
I0105 19:19:00.724905 28256 inner_pre.cc:75] event_del ev=013474E0 fd=632 user_ptr=0137F420 tid=28256
I0105 19:19:00.724905 25880 event_loop.cc:333] evpp::EventLoop::DoPendingFunctors this=0138BDA8 pending_functor_count_=1 PendingQueueSize=0 notified_=0
I0105 19:19:00.724905 28256 event_loop.cc:108] evpp::EventLoop::Run this=0137F158 EventLoop stopped, tid=28256
I0105 19:19:00.724905 25880 event_loop.cc:145] evpp::EventLoop::StopInLoop this=0138BDA8 end of StopInLoop
I0105 19:19:00.724905 28256 event_loop_thread.cc:56] evpp::EventLoopThread::Run this=0130C428 loop=0137F158 execute post functor.
I0105 19:19:00.724905 25880 event_loop.cc:333] evpp::EventLoop::DoPendingFunctors this=0138BDA8 pending_functor_count_=0 PendingQueueSize=0 notified_=0
I0105 19:19:00.724905 28256 event_loop_thread_pool.cc:38] evpp::EventLoopThreadPool::Start::<lambda_7b0860a78cc38f90647a87126f006f38>::operator () this=013363D0 a working thread exiting, tid=28256
I0105 19:19:00.724905 28256 event_loop_thread_pool.cc:169] evpp::EventLoopThreadPool::OnThreadExited this=013363D0 tid=28256 count=7 exited.
I0105 19:19:00.724905 28256 event_loop_thread.cc:62] evpp::EventLoopThread::Run this=0130C428 loop=0137F158 EventLoopThread stopped
I0105 19:19:00.725905 25880 inner_pre.cc:75] event_del ev=013476A0 fd=660 user_ptr=0138C070 tid=25880
I0105 19:19:00.725905 25880 event_loop.cc:108] evpp::EventLoop::Run this=0138BDA8 EventLoop stopped, tid=25880
I0105 19:19:00.725905 25880 event_loop_thread.cc:56] evpp::EventLoopThread::Run this=0130CA58 loop=0138BDA8 execute post functor.
I0105 19:19:00.725905 25880 event_loop_thread_pool.cc:38] evpp::EventLoopThreadPool::Start::<lambda_7b0860a78cc38f90647a87126f006f38>::operator () this=013363D0 a working thread exiting, tid=25880
I0105 19:19:00.725905 25880 event_loop_thread_pool.cc:169] evpp::EventLoopThreadPool::OnThreadExited this=013363D0 tid=25880 count=8 exited.
I0105 19:19:00.725905 25880 event_loop_thread_pool.cc:172] evpp::EventLoopThreadPool::OnThreadExited this=013363D0 this is the last thread stopped. Thread pool totally exited.
I0105 19:19:00.725905 25880 event_loop_thread.cc:62] evpp::EventLoopThread::Run this=0130CA58 loop=0138BDA8 EventLoopThread stopped
